NEUTRAL AREA MAP
             /---------[1]   
            /           | \___________
           /            |            |     [2]
          /             |__         [3]--\__| \
         /    ___________  |  _______| \       -----[4]
     [19]----/           \ | /          \          /
       |_____      /------[5]            \____     |__  |----[6]--|
             \    /      / |_                 \       \ |   /     |
          /---[11]      /    \                 \  |----[7]  |     |
         /     |        |     [8]               \ |         /     |
        /      |____    |      |                 [9]       /      /
XF<-[15]            \   |     [E]---------------/ | \     /      /
                     \  |   _/ |__      __________|  \---/---[10]----\
                      \ |  /      \    /                /     |     --[13]->CF
                       [14]--------[12]----------------/      |    /
                        |           |                         |   /
                        |          [16]---------------------\ |  /
                       [18]-------/                          [17]
