/players/illarion/high/room/inbarge2
/players/illarion/high/room/inbarge1^MY_DIR^north
/players/illarion/high/room/bargetop^MY_DIR^out
/players/illarion/high/room/inbarge1^MY_DIR^door
/players/illarion/high/room/inbarge2^MY_DIR^south
/players/illarion/high/room/inbarge1^MY_DIR^north
/players/illarion/high/room/inbarge2^MY_DIR^south
/players/illarion/high/room/inbarge1^MY_DIR^north
/players/illarion/high/room/inbarge2^MY_DIR^south
/players/illarion/high/room/inbarge1^MY_DIR^north
/players/illarion/high/room/bargetop^MY_DIR^out
/players/illarion/high/room/inbarge1^MY_DIR^door
/players/illarion/high/room/inbarge2^MY_DIR^south
/players/illarion/high/room/inbarge1^MY_DIR^north
/players/illarion/high/room/inbarge2^MY_DIR^south
/players/illarion/high/room/inbarge1^MY_DIR^north
/players/illarion/high/room/bargetop^MY_DIR^out
/players/illarion/high/room/inbarge1^MY_DIR^door
/players/illarion/high/room/inbarge2^MY_DIR^south
/players/illarion/high/room/inbarge1^MY_DIR^north
/players/illarion/high/room/bargetop^MY_DIR^out
/players/illarion/high/room/bank^MY_DIR^shore
/players/illarion/high/room/bargetop^MY_DIR^barge
/players/illarion/high/room/bank^MY_DIR^shore
/players/illarion/high/room/alcove^MY_DIR^up
/players/illarion/high/room/bank^MY_DIR^down
/players/illarion/high/room/bargetop^MY_DIR^barge
/players/illarion/high/room/inbarge1^MY_DIR^door
/players/illarion/high/room/bargetop^MY_DIR^out
/players/illarion/high/room/bank^MY_DIR^shore
/players/illarion/high/room/bargetop^MY_DIR^barge
/players/illarion/high/room/bank^MY_DIR^shore
/players/illarion/high/room/alcove^MY_DIR^up
/players/illarion/high/room/bank^MY_DIR^down
/players/illarion/high/room/alcove^MY_DIR^up
/players/illarion/high/room/bank^MY_DIR^down
/players/illarion/high/room/bargetop^MY_DIR^barge
/players/illarion/high/room/inbarge1^MY_DIR^door
/players/illarion/high/room/inbarge2^MY_DIR^south
/players/illarion/high/room/inbarge1^MY_DIR^north
/players/illarion/high/room/bargetop^MY_DIR^out
/players/illarion/high/room/bank^MY_DIR^shore
/players/illarion/high/room/bargetop^MY_DIR^barge
/players/illarion/high/room/inbarge1^MY_DIR^door
/players/illarion/high/room/inbarge2^MY_DIR^south
/players/illarion/high/room/inbarge1^MY_DIR^north
/players/illarion/high/room/inbarge2^MY_DIR^south
/players/illarion/high/room/inbarge1^MY_DIR^north
/players/illarion/high/room/bargetop^MY_DIR^out
/players/illarion/high/room/bank^MY_DIR^shore
/players/illarion/high/room/bargetop^MY_DIR^barge
/players/illarion/high/room/inbarge1^MY_DIR^door
/players/illarion/high/room/bargetop^MY_DIR^out
/players/illarion/high/room/bank^MY_DIR^shore
/players/illarion/high/room/alcove^MY_DIR^up
/players/illarion/high/room/bank^MY_DIR^down
/players/illarion/high/room/bargetop^MY_DIR^barge
/players/illarion/high/room/inbarge1^MY_DIR^door
/players/illarion/high/room/bargetop^MY_DIR^out
/players/illarion/high/room/inbarge1^MY_DIR^door
/players/illarion/high/room/bargetop^MY_DIR^out
/players/illarion/high/room/bank^MY_DIR^shore
/players/illarion/high/room/bargetop^MY_DIR^barge
/players/illarion/high/room/inbarge1^MY_DIR^door
/players/illarion/high/room/bargetop^MY_DIR^out
/players/illarion/high/room/bank^MY_DIR^shore
/players/illarion/high/room/alcove^MY_DIR^up
/players/illarion/high/room/bank^MY_DIR^down
/players/illarion/high/room/alcove^MY_DIR^up
/players/illarion/high/room/bank^MY_DIR^down
/players/illarion/high/room/bargetop^MY_DIR^barge
