/players/saber/tower/tower20+3
/players/saber/tower/tower20+4.c^MY_DIR^south
/players/saber/tower/tower20+7.c^MY_DIR^west
/players/saber/tower/tower20+4.c^MY_DIR^east
/players/saber/tower/tower20+7.c^MY_DIR^west
/players/saber/tower/tower20+71.c^MY_DIR^up
/players/saber/tower/tower20+8.c^MY_DIR^up
/players/saber/tower/tower20+11.c^MY_DIR^west
/players/saber/tower/tower20+8.c^MY_DIR^east
/players/saber/tower/tower20+9.c^MY_DIR^north
/players/saber/tower/tower20+10.c^MY_DIR^down
/players/saber/tower/tower20+9.c^MY_DIR^up
/players/saber/tower/tower20+10.c^MY_DIR^down
/players/saber/tower/tower20+9.c^MY_DIR^up
/players/saber/tower/tower20+8.c^MY_DIR^south
/players/saber/tower/tower20+71.c^MY_DIR^down
/players/saber/tower/tower20+8.c^MY_DIR^up
/players/saber/tower/tower20+9.c^MY_DIR^north
/players/saber/tower/tower20+8.c^MY_DIR^south
/players/saber/tower/tower20+11.c^MY_DIR^west
/players/saber/tower/tower20+12.c^MY_DIR^up
/players/saber/tower/tower20+11.c^MY_DIR^down
/players/saber/tower/tower20+8.c^MY_DIR^east
/players/saber/tower/tower20+11.c^MY_DIR^west
/players/saber/tower/tower20+12.c^MY_DIR^up
/players/saber/tower/tower20+13.c^MY_DIR^center
/players/saber/tower/tower20+12.c^MY_DIR^out
/players/saber/tower/tower20+13.c^MY_DIR^center
/players/saber/tower/tower20+12.c^MY_DIR^out
/players/saber/tower/tower20+13.c^MY_DIR^center
/players/saber/tower/tower20+12.c^MY_DIR^out
/players/saber/tower/tower20+13.c^MY_DIR^center
/players/saber/tower/tower20+12.c^MY_DIR^out
/players/saber/tower/tower20+11.c^MY_DIR^down
/players/saber/tower/tower20+12.c^MY_DIR^up
/players/saber/tower/tower20+13.c^MY_DIR^center
/players/saber/tower/tower20+12.c^MY_DIR^out
/players/saber/tower/tower20+13.c^MY_DIR^center
/players/saber/tower/tower20+12.c^MY_DIR^out
/players/saber/tower/tower20+13.c^MY_DIR^center
/players/saber/tower/tower20+12.c^MY_DIR^out
/players/saber/tower/tower20+13.c^MY_DIR^center
/players/saber/tower/tower20+12.c^MY_DIR^out
/players/saber/tower/tower20+13.c^MY_DIR^center
/players/saber/tower/tower20+12.c^MY_DIR^out
/players/saber/tower/tower20+11.c^MY_DIR^down
/players/saber/tower/tower20+8.c^MY_DIR^east
/players/saber/tower/tower20+11.c^MY_DIR^west
/players/saber/tower/tower20+8.c^MY_DIR^east
/players/saber/tower/tower20+71.c^MY_DIR^down
/players/saber/tower/tower20+8.c^MY_DIR^up
/players/saber/tower/tower20+9.c^MY_DIR^north
/players/saber/tower/tower20+10.c^MY_DIR^down
/players/saber/tower/tower20+9.c^MY_DIR^up
/players/saber/tower/tower20+8.c^MY_DIR^south
/players/saber/tower/tower20+9.c^MY_DIR^north
/players/saber/tower/tower20+10.c^MY_DIR^down
/players/saber/tower/tower20+9.c^MY_DIR^up
/players/saber/tower/tower20+10.c^MY_DIR^down
/players/saber/tower/tower20+9.c^MY_DIR^up
/players/saber/tower/tower20+8.c^MY_DIR^south
/players/saber/tower/tower20+71.c^MY_DIR^down
/players/saber/tower/tower20+7.c^MY_DIR^down
/players/saber/tower/tower20+4.c^MY_DIR^east
/players/saber/tower/tower20+7.c^MY_DIR^west
/players/saber/tower/tower20+4.c^MY_DIR^east
/players/saber/tower/tower20+5.c^MY_DIR^east
/players/saber/tower/tower20+4.c^MY_DIR^west
/players/saber/tower/tower20+3.c^MY_DIR^north
/players/saber/tower/tower20+1.c^MY_DIR^east
/players/saber/tower/tower20+3.c^MY_DIR^west
