/players/mythos/aroom/forest/forest
/players/mythos/aroom/forest/forest2.c^MY_DIR^east
/players/mythos/aroom/forest/forest3.c^MY_DIR^east
/players/mythos/aroom/forest/pool.c^MY_DIR^north
/players/mythos/aroom/forest/forest3.c^MY_DIR^south
/players/mythos/aroom/forest/forest2.c^MY_DIR^west
/players/mythos/aroom/forest/forest.c^MY_DIR^west
/players/mythos/aroom/rice.c^MY_DIR^rice
/players/mythos/aroom/path2.c^MY_DIR^south
/players/mythos/aroom/path1.c^MY_DIR^west
/players/mythos/entrance.c^MY_DIR^portal
/players/snow/gate.c^MY_DIR^snow
/room/plane10^MY_DIR^out
/room/plane6^MY_DIR^east
/room/plane11^MY_DIR^north
/room/mount_pass^MY_DIR^north
/room/plane11^MY_DIR^south
/room/plane6^MY_DIR^south
/room/plane10^MY_DIR^west
/room/plane7^MY_DIR^south
/room/plane3^MY_DIR^east
/room/plane7^MY_DIR^west
/room/plane5^MY_DIR^south
/room/plane2^MY_DIR^east
/room/plane5^MY_DIR^west
/room/plane7^MY_DIR^north
/room/plane10^MY_DIR^north
/room/plane12^MY_DIR^north
/room/plane11^MY_DIR^east
/room/mount_pass^MY_DIR^north
/room/plane11^MY_DIR^south
/room/plane12^MY_DIR^west
/room/plane11^MY_DIR^east
/room/mount_pass^MY_DIR^north
/room/mine/tunnel^MY_DIR^north
/room/mine/tunnel2^MY_DIR^north
/room/mine/tunnel^MY_DIR^south
/room/mount_pass^MY_DIR^south
/room/mine/tunnel^MY_DIR^north
/room/mine/tunnel2^MY_DIR^north
/room/mine/tunnel^MY_DIR^south
/room/mine/tunnel2^MY_DIR^north
/room/mine/tunnel3^MY_DIR^north
/room/mine/tunnel4^MY_DIR^north
/room/mine/tunnel3^MY_DIR^south
/room/mine/tunnel4^MY_DIR^north
/room/mine/tunnel5^MY_DIR^north
/room/mine/tunnel4^MY_DIR^south
/room/mine/tunnel5^MY_DIR^north
/room/mine/tunnel4^MY_DIR^south
/room/mine/tunnel3^MY_DIR^south
/room/mine/tunnel2^MY_DIR^south
/room/mine/tunnel3^MY_DIR^north
/room/mine/tunnel4^MY_DIR^north
/room/mine/tunnel5^MY_DIR^north
/room/mine/tunnel4^MY_DIR^south
/room/mine/tunnel3^MY_DIR^south
/room/mine/tunnel4^MY_DIR^north
/room/mine/tunnel5^MY_DIR^north
/room/mine/tunnel4^MY_DIR^south
/room/mine/tunnel5^MY_DIR^north
/room/mine/tunnel4^MY_DIR^south
/room/mine/tunnel3^MY_DIR^south
/room/mine/tunnel4^MY_DIR^north
/room/mine/tunnel5^MY_DIR^north
/room/mine/tunnel_room^MY_DIR^north
/room/mine/tunnel5^MY_DIR^south
/room/mine/tunnel4^MY_DIR^south
/room/mine/tunnel5^MY_DIR^north
/room/mine/tunnel_room^MY_DIR^north
