/players/jenny/wings/rooms/c1
/players/jenny/wings/rooms/c2^MY_DIR^east
/players/jenny/wings/rooms/c3^MY_DIR^south
/players/jenny/wings/rooms/stands1c3^MY_DIR^west
/players/jenny/wings/rooms/c3^MY_DIR^concourse
/players/jenny/wings/rooms/c4^MY_DIR^south
/players/jenny/wings/rooms/c3^MY_DIR^north
/players/jenny/wings/rooms/c2^MY_DIR^north
/players/jenny/wings/rooms/c1^MY_DIR^west
/players/jenny/wings/rooms/stands1c1^MY_DIR^south
/players/jenny/wings/rooms/stands2c1^MY_DIR^up
/players/jenny/wings/rooms/stands1c1^MY_DIR^down
/players/jenny/wings/rooms/c1^MY_DIR^concourse
/players/jenny/wings/rooms/c8^MY_DIR^west
/players/jenny/wings/rooms/c7^MY_DIR^south
/players/jenny/wings/rooms/stands1c7^MY_DIR^east
/players/jenny/wings/rooms/stands2c7^MY_DIR^up
/players/jenny/wings/rooms/stands1c7^MY_DIR^down
/players/jenny/wings/rooms/c7^MY_DIR^concourse
/players/jenny/wings/rooms/c6^MY_DIR^south
/players/jenny/wings/rooms/c5^MY_DIR^east
/players/jenny/wings/rooms/c6^MY_DIR^west
/players/jenny/wings/rooms/c5^MY_DIR^east
/players/jenny/wings/rooms/c4^MY_DIR^east
/players/jenny/wings/rooms/c3^MY_DIR^north
/players/jenny/wings/rooms/c4^MY_DIR^south
/players/jenny/wings/rooms/c3^MY_DIR^north
/players/jenny/wings/rooms/stands1c3^MY_DIR^west
/players/jenny/wings/rooms/stands2c3^MY_DIR^up
/players/jenny/wings/rooms/stands1c3^MY_DIR^down
/players/jenny/wings/rooms/stands2c3^MY_DIR^up
/players/jenny/wings/rooms/stands1c3^MY_DIR^down
/players/jenny/wings/rooms/c3^MY_DIR^concourse
/players/jenny/wings/rooms/c4^MY_DIR^south
/players/jenny/wings/rooms/c5^MY_DIR^west
/players/jenny/wings/rooms/stands1c5^MY_DIR^north
/players/jenny/wings/rooms/stands2c5^MY_DIR^up
/players/jenny/wings/rooms/stands1c5^MY_DIR^down
/players/jenny/wings/rooms/stands2c5^MY_DIR^up
/players/jenny/wings/rooms/stands1c5^MY_DIR^down
/players/jenny/wings/rooms/c5^MY_DIR^concourse
/players/jenny/wings/rooms/stands1c5^MY_DIR^north
/players/jenny/wings/rooms/stands2c5^MY_DIR^up
/players/jenny/wings/rooms/stands1c5^MY_DIR^down
/players/jenny/wings/rooms/c5^MY_DIR^concourse
/players/jenny/wings/rooms/c6^MY_DIR^west
/players/jenny/wings/rooms/c7^MY_DIR^north
/players/jenny/wings/rooms/stands1c7^MY_DIR^east
/players/jenny/wings/rooms/c7^MY_DIR^concourse
/players/jenny/wings/rooms/c8^MY_DIR^north
/players/jenny/wings/rooms/c7^MY_DIR^south
/players/jenny/wings/rooms/c8^MY_DIR^north
/players/jenny/wings/rooms/c7^MY_DIR^south
/players/jenny/wings/rooms/stands1c7^MY_DIR^east
/players/jenny/wings/rooms/stands2c7^MY_DIR^up
/players/jenny/wings/rooms/stands1c7^MY_DIR^down
/players/jenny/wings/rooms/c7^MY_DIR^concourse
/players/jenny/wings/rooms/c6^MY_DIR^south
/players/jenny/wings/rooms/c5^MY_DIR^east
/players/jenny/wings/rooms/c4^MY_DIR^east
/players/jenny/wings/rooms/c5^MY_DIR^west
/players/jenny/wings/rooms/c6^MY_DIR^west
/players/jenny/wings/rooms/c7^MY_DIR^north
/players/jenny/wings/rooms/stands1c7^MY_DIR^east
/players/jenny/wings/rooms/c7^MY_DIR^concourse
/players/jenny/wings/rooms/c8^MY_DIR^north
