/room/vill_green
/room/vill_track^MY_DIR^east
/room/vill_green^MY_DIR^west
/room/hump^MY_DIR^west
/room/vill_green^MY_DIR^east
/room/hump^MY_DIR^west
/room/vill_green^MY_DIR^east
/room/vill_track^MY_DIR^east
/room/clinic^MY_DIR^northwest
/room/vill_track^MY_DIR^southeast
/room/clinic^MY_DIR^northwest
/room/vill_track^MY_DIR^southeast
/room/vill_green^MY_DIR^west
/room/vill_track^MY_DIR^east
/room/vill_road1^MY_DIR^east
/room/vill_track^MY_DIR^west
/room/clinic^MY_DIR^northwest
/room/vill_track^MY_DIR^southeast
/room/clinic^MY_DIR^northwest
/room/vill_track^MY_DIR^southeast
/room/clinic^MY_DIR^northwest
/room/vill_track^MY_DIR^southeast
/room/path2^MY_DIR^south
/room/vill_track^MY_DIR^north
/room/clinic^MY_DIR^northwest
/room/vill_track^MY_DIR^southeast
/room/vill_road1^MY_DIR^east
/room/yard^MY_DIR^north
/room/alley^MY_DIR^west
/room/yard^MY_DIR^east
/players/dreamspeakr/WEDDING/garden^MY_DIR^north
/players/dreamspeakr/CASTLE/entrance.c^MY_DIR^south
/room/forest9.c^MY_DIR^out
/room/forest10^MY_DIR^east
/room/forest7^MY_DIR^east
/room/forest10^MY_DIR^west
/room/forest7^MY_DIR^east
/room/forest4^MY_DIR^north
/room/forest7^MY_DIR^south
/room/forest4^MY_DIR^north
/room/forest3^MY_DIR^north
/room/slope^MY_DIR^north
/room/forest2^MY_DIR^east
/room/slope^MY_DIR^west
/room/orc_vall^MY_DIR^west
/room/orc_dump^MY_DIR^west
/players/wren/Area/coastline/path^MY_DIR^west
/room/orc_dump^MY_DIR^east
/room/orc_vall^MY_DIR^east
/room/slope^MY_DIR^east
/room/orc_vall^MY_DIR^west
/room/orc_dump^MY_DIR^west
/players/wren/Area/coastline/path^MY_DIR^west
/players/wren/Area/coastline/pass^MY_DIR^west
/players/wren/Area/coastline/path^MY_DIR^east
/room/orc_dump^MY_DIR^east
/room/orc_vall^MY_DIR^east
/room/slope^MY_DIR^east
/room/forest2^MY_DIR^east
/room/clearing^MY_DIR^east
