/room/vill_green
/room/hump^MY_DIR^west
/room/vill_green^MY_DIR^east
/room/vill_track^MY_DIR^east
/room/vill_road1^MY_DIR^east
/room/vill_road2^MY_DIR^east
/room/adv_guild^MY_DIR^south
/room/vill_road2^MY_DIR^north
/room/adv_guild^MY_DIR^south
/room/exlv_guild^MY_DIR^up
/room/adv_guild^MY_DIR^down
/room/exlv_guild^MY_DIR^up
/room/adv_guild^MY_DIR^down
/open/info/room^MY_DIR^west
/room/adv_guild.c^MY_DIR^east
/open/info/room^MY_DIR^west
/room/adv_guild.c^MY_DIR^east
/room/exlv_guild^MY_DIR^up
/room/adv_guild^MY_DIR^down
/room/vill_road2^MY_DIR^north
/room/adv_guild^MY_DIR^south
/room/vill_road2^MY_DIR^north
/room/vill_road1^MY_DIR^west
/room/narr_alley^MY_DIR^south
/room/new_alley^MY_DIR^southeast
/room/narr_alley^MY_DIR^northwest
/room/new_alley^MY_DIR^southeast
/room/lanceroad1^MY_DIR^southeast
/room/new_alley^MY_DIR^northwest
/room/narr_alley^MY_DIR^northwest
/room/vill_road1^MY_DIR^north
/room/vill_road2^MY_DIR^east
/room/adv_guild^MY_DIR^south
/room/vill_road2^MY_DIR^north
/room/shop^MY_DIR^north
/room/vill_road2^MY_DIR^south
/room/adv_guild^MY_DIR^south
/room/vill_road2^MY_DIR^north
/room/vill_road3^MY_DIR^east
/room/northroad1.c^MY_DIR^north
/room/northroad2^MY_DIR^north
/room/northroad1^MY_DIR^south
/room/bank^MY_DIR^east
/players/earwax/bank/bank^MY_DIR^north
/room/bank^MY_DIR^south
/players/earwax/bank/bank^MY_DIR^north
/room/bank^MY_DIR^south
/players/earwax/bank/bank^MY_DIR^north
/room/bank^MY_DIR^south
/room/northroad1^MY_DIR^west
/room/vill_road3^MY_DIR^south
/room/northroad1.c^MY_DIR^north
/room/northroad2^MY_DIR^north
/room/northroad3^MY_DIR^north
/room/northroad2^MY_DIR^south
/room/northroad1^MY_DIR^south
/room/bank^MY_DIR^east
/room/northroad1^MY_DIR^west
/room/vill_road3^MY_DIR^south
/room/northroad1.c^MY_DIR^north
/room/bank^MY_DIR^east
