/players/mokri/stuff/paintball/shack
/room/path1^MY_DIR^west
/players/mokri/stuff/paintball/shack^MY_DIR^east
/players/mokri/clans/hall^MY_DIR^east
/players/mokri/stuff/paintball/shack^MY_DIR^west
/players/mokri/clans/hall^MY_DIR^east
/players/mokri/stuff/paintball/shack^MY_DIR^west
/room/path1^MY_DIR^west
/room/path2^MY_DIR^north
/room/path1^MY_DIR^south
/room/lanceroad3^MY_DIR^south
/room/path1^MY_DIR^north
/room/path2^MY_DIR^north
/room/path1^MY_DIR^south
/room/path2^MY_DIR^north
/room/path1^MY_DIR^south
/players/mokri/stuff/paintball/shack^MY_DIR^east
/room/path1^MY_DIR^west
/room/path2^MY_DIR^north
/room/vill_track^MY_DIR^north
/room/vill_road1^MY_DIR^east
/room/vill_track^MY_DIR^west
/room/vill_road1^MY_DIR^east
/room/yard^MY_DIR^north
/room/alley^MY_DIR^west
/room/yard^MY_DIR^east
/players/dreamspeakr/WEDDING/garden^MY_DIR^north
/players/dreamspeakr/CASTLE/entrance.c^MY_DIR^south
/room/forest9.c^MY_DIR^out
/room/forest11^MY_DIR^west
/room/forest12^MY_DIR^west
/room/forest11^MY_DIR^east
/room/forest9^MY_DIR^east
/room/forest8^MY_DIR^north
/room/forest9^MY_DIR^south
/room/forest11^MY_DIR^west
/room/forest12^MY_DIR^west
/room/forest11^MY_DIR^east
/room/forest9^MY_DIR^east
/room/forest11^MY_DIR^west
/room/forest9^MY_DIR^east
/room/forest11^MY_DIR^west
/room/forest9^MY_DIR^east
/room/forest10^MY_DIR^east
/room/forest7^MY_DIR^east
/room/forest4^MY_DIR^north
/room/forest7^MY_DIR^south
/room/forest4^MY_DIR^north
/room/forest7^MY_DIR^south
/room/forest4^MY_DIR^north
/room/forest3^MY_DIR^north
/room/forest4^MY_DIR^south
/room/forest7^MY_DIR^south
/room/forest4^MY_DIR^north
/room/forest7^MY_DIR^south
/room/forest4^MY_DIR^north
/room/forest6^MY_DIR^east
/room/forest4^MY_DIR^west
/room/forest6^MY_DIR^east
/room/forest4^MY_DIR^west
/room/forest3^MY_DIR^north
