/room/vill_green
/players/rumplemintz/workroom^MY_DIR^workroom
/room/shop^MY_DIR^shop
/room/ptroom^MY_DIR^east
/room/shop.c^MY_DIR^west
/room/vill_road2^MY_DIR^south
/room/vill_road1^MY_DIR^west
/room/narr_alley^MY_DIR^south
/room/new_alley^MY_DIR^southeast
/room/narr_alley^MY_DIR^northwest
/room/vill_road1^MY_DIR^north
/room/narr_alley^MY_DIR^south
/room/vill_road1^MY_DIR^north
/room/vill_track^MY_DIR^west
/room/vill_road1^MY_DIR^east
/room/vill_road2^MY_DIR^east
/room/shop^MY_DIR^north
/room/vill_road2^MY_DIR^south
/room/adv_guild^MY_DIR^south
/room/vill_road2^MY_DIR^north
/room/shop^MY_DIR^north
/room/ptroom^MY_DIR^east
/room/shop.c^MY_DIR^west
/room/ptroom^MY_DIR^east
/room/shop.c^MY_DIR^west
/room/vill_road2^MY_DIR^south
/room/vill_road3^MY_DIR^east
/room/southroad1.c^MY_DIR^south
/room/police^MY_DIR^west
/room/southroad1^MY_DIR^east
/room/vill_road3^MY_DIR^north
/room/southroad1.c^MY_DIR^south
/room/police^MY_DIR^west
/room/southroad1^MY_DIR^east
/room/vill_road3^MY_DIR^north
/room/vill_road2^MY_DIR^west
/room/shop^MY_DIR^north
/room/vill_road2^MY_DIR^south
/room/shop^MY_DIR^north
/room/ptroom^MY_DIR^east
/room/shop.c^MY_DIR^west
/room/ptroom^MY_DIR^east
/room/shop.c^MY_DIR^west
/room/ptroom^MY_DIR^east
/room/shop.c^MY_DIR^west
/room/vill_road2^MY_DIR^south
/room/vill_road1^MY_DIR^west
/room/vill_track^MY_DIR^west
/room/clinic^MY_DIR^northwest
/room/vill_track^MY_DIR^southeast
/room/vill_road1^MY_DIR^east
/room/narr_alley^MY_DIR^south
/room/vill_road1^MY_DIR^north
/room/yard^MY_DIR^north
/room/alley^MY_DIR^west
/room/yard^MY_DIR^east
/players/dreamspeakr/WEDDING/garden^MY_DIR^north
/players/dreamspeakr/CASTLE/entrance.c^MY_DIR^south
/room/forest9.c^MY_DIR^out
/room/forest10^MY_DIR^east
/room/forest9^MY_DIR^west
/room/forest11^MY_DIR^west
/room/forest9^MY_DIR^east
/room/forest10^MY_DIR^east
/room/forest7^MY_DIR^east
/room/forest4^MY_DIR^north
