/room/vill_green
/room/vill_track^MY_DIR^east
/room/path2^MY_DIR^south
/room/vill_track^MY_DIR^north
/room/path2^MY_DIR^south
/room/path1^MY_DIR^south
/players/mokri/stuff/paintball/shack^MY_DIR^east
/room/path1^MY_DIR^west
/room/path2^MY_DIR^north
/room/path1^MY_DIR^south
/room/lanceroad3^MY_DIR^south
/room/lanceroad2^MY_DIR^east
/room/post^MY_DIR^north
/room/narr_alley^MY_DIR^north
/room/post^MY_DIR^south
/room/lanceroad2^MY_DIR^south
/room/lanceroad1^MY_DIR^east
/room/new_alley^MY_DIR^northwest
/room/lanceroad1^MY_DIR^southeast
/room/southroad3^MY_DIR^east
/room/southroad2^MY_DIR^north
/room/southroad3^MY_DIR^south
/room/southroad2^MY_DIR^north
/room/southroad1^MY_DIR^north
/room/police^MY_DIR^west
/room/verte/bounty_office^MY_DIR^north
/room/police^MY_DIR^south
/room/verte/bounty_office^MY_DIR^north
/room/police^MY_DIR^south
/room/verte/bounty_office^MY_DIR^north
/room/police^MY_DIR^south
/room/southroad1^MY_DIR^east
/room/vill_road3^MY_DIR^north
/room/vill_road2^MY_DIR^west
/room/shop^MY_DIR^north
/room/ptroom^MY_DIR^east
/room/shop.c^MY_DIR^west
/room/ptroom^MY_DIR^east
/room/shop.c^MY_DIR^west
/room/ptroom^MY_DIR^east
/room/shop.c^MY_DIR^west
/room/vill_road2^MY_DIR^south
/room/vill_road1^MY_DIR^west
/room/vill_track^MY_DIR^west
/room/vill_road1^MY_DIR^east
/room/narr_alley^MY_DIR^south
/room/vill_road1^MY_DIR^north
/room/narr_alley^MY_DIR^south
/room/vill_road1^MY_DIR^north
/room/yard^MY_DIR^north
/room/vill_road1^MY_DIR^south
/room/narr_alley^MY_DIR^south
/room/vill_road1^MY_DIR^north
/room/narr_alley^MY_DIR^south
/room/new_alley^MY_DIR^southeast
/room/lanceroad1^MY_DIR^southeast
/room/southroad3^MY_DIR^east
/room/southroad2^MY_DIR^north
/room/southroad1^MY_DIR^north
/room/police^MY_DIR^west
/room/southroad1^MY_DIR^east
/room/vill_road3^MY_DIR^north
/room/northroad1.c^MY_DIR^north
/room/bank^MY_DIR^east
