/players/maledicta/cont/rooms/606
/players/maledicta/cont/rooms/605.c^MY_DIR^west
/players/maledicta/cont/rooms/573.c^MY_DIR^north
/players/maledicta/cont/rooms/572.c^MY_DIR^west
/players/maledicta/cont/rooms/541.c^MY_DIR^northeast
/players/maledicta/cont/rooms/508.c^MY_DIR^northwest
/players/maledicta/cont/rooms/507.c^MY_DIR^west
/players/maledicta/cont/rooms/475.c^MY_DIR^north
/players/maledicta/cont/rooms/506.c^MY_DIR^southwest
/players/maledicta/cont/rooms/474.c^MY_DIR^north
/players/maledicta/cont/rooms/473.c^MY_DIR^west
/players/maledicta/cont/rooms/442.c^MY_DIR^northeast
/players/maledicta/cont/rooms/443.c^MY_DIR^east
/players/maledicta/cont/rooms/411.c^MY_DIR^north
/players/maledicta/cont/rooms/444.c^MY_DIR^southeast
/players/maledicta/cont/rooms/477.c^MY_DIR^southeast
/players/maledicta/cont/rooms/444.c^MY_DIR^northwest
/players/maledicta/cont/rooms/413.c^MY_DIR^northeast
/players/maledicta/cont/rooms/412.c^MY_DIR^west
/players/maledicta/cont/rooms/443.c^MY_DIR^southwest
/players/maledicta/cont/rooms/411.c^MY_DIR^north
/players/maledicta/cont/rooms/443.c^MY_DIR^south
/players/maledicta/cont/rooms/474.c^MY_DIR^southwest
/players/maledicta/cont/rooms/506.c^MY_DIR^south
/players/maledicta/cont/rooms/475.c^MY_DIR^northeast
/players/maledicta/cont/rooms/443.c^MY_DIR^north
/players/maledicta/cont/rooms/442.c^MY_DIR^west
/players/maledicta/cont/rooms/411.c^MY_DIR^northeast
/players/maledicta/cont/rooms/443.c^MY_DIR^south
/players/maledicta/cont/rooms/474.c^MY_DIR^southwest
/players/maledicta/cont/rooms/505.c^MY_DIR^southwest
/players/maledicta/cont/rooms/506.c^MY_DIR^east
/players/maledicta/cont/rooms/537.c^MY_DIR^southwest
/players/maledicta/cont/rooms/570.c^MY_DIR^southeast
/players/maledicta/cont/rooms/569.c^MY_DIR^west
/players/maledicta/cont/rooms/570.c^MY_DIR^east
/players/maledicta/cont/rooms/601.c^MY_DIR^southwest
/players/maledicta/cont/rooms/632.c^MY_DIR^southwest
/players/maledicta/cont/rooms/600.c^MY_DIR^north
/players/maledicta/cont/rooms/631.c^MY_DIR^southwest
/players/maledicta/cont/rooms/600.c^MY_DIR^northeast
/players/maledicta/cont/rooms/632.c^MY_DIR^south
/players/maledicta/cont/rooms/633.c^MY_DIR^east
/players/maledicta/cont/rooms/634.c^MY_DIR^east
/players/maledicta/cont/rooms/667.c^MY_DIR^southeast
/players/maledicta/cont/rooms/699.c^MY_DIR^south
/players/maledicta/cont/rooms/730.c^MY_DIR^southwest
/players/maledicta/cont/rooms/697.c^MY_DIR^northwest
/players/maledicta/cont/rooms/698.c^MY_DIR^east
/players/maledicta/cont/rooms/666.c^MY_DIR^north
/players/maledicta/cont/rooms/634.c^MY_DIR^north
/players/maledicta/cont/rooms/666.c^MY_DIR^south
/players/maledicta/cont/rooms/697.c^MY_DIR^southwest
/players/maledicta/cont/rooms/664.c^MY_DIR^northwest
/players/maledicta/cont/rooms/632.c^MY_DIR^north
/players/maledicta/cont/rooms/665.c^MY_DIR^southeast
/players/maledicta/cont/rooms/664.c^MY_DIR^west
/players/maledicta/cont/rooms/631.c^MY_DIR^northwest
/players/maledicta/cont/rooms/630.c^MY_DIR^west
/players/maledicta/cont/rooms/663.c^MY_DIR^southeast
/players/maledicta/cont/rooms/664.c^MY_DIR^east
/players/maledicta/cont/rooms/631.c^MY_DIR^northwest
/players/maledicta/cont/rooms/599.c^MY_DIR^north
/players/maledicta/cont/rooms/630.c^MY_DIR^southwest
/players/maledicta/cont/rooms/629.c^MY_DIR^west
/players/maledicta/cont/rooms/628.c^MY_DIR^west
/players/maledicta/cont/rooms/627.c^MY_DIR^west
/players/maledicta/cont/rooms/660.c^MY_DIR^southeast
/players/maledicta/cont/rooms/629.c^MY_DIR^northeast
/players/maledicta/cont/rooms/596.c^MY_DIR^northwest
/players/maledicta/cont/rooms/629.c^MY_DIR^southeast
/players/maledicta/cont/rooms/628.c^MY_DIR^west
/players/maledicta/cont/rooms/660.c^MY_DIR^south
/players/maledicta/cont/rooms/661.c^MY_DIR^east
/players/maledicta/cont/rooms/693.c^MY_DIR^south
/players/maledicta/cont/rooms/725.c^MY_DIR^south
/players/maledicta/cont/rooms/756.c^MY_DIR^southwest
/players/maledicta/cont/rooms/725.c^MY_DIR^northeast
/players/maledicta/cont/rooms/724.c^MY_DIR^west
/players/maledicta/cont/rooms/723.c^MY_DIR^west
/players/maledicta/cont/rooms/724.c^MY_DIR^east
/players/maledicta/cont/rooms/755.c^MY_DIR^southwest
/players/maledicta/cont/rooms/724.c^MY_DIR^northeast
/players/maledicta/cont/rooms/725.c^MY_DIR^east
/players/maledicta/cont/rooms/692.c^MY_DIR^northwest
/players/maledicta/cont/rooms/691.c^MY_DIR^west
/players/maledicta/cont/rooms/658.c^MY_DIR^northwest
/players/maledicta/cont/rooms/689.c^MY_DIR^southwest
/players/maledicta/cont/rooms/720.c^MY_DIR^southwest
/players/maledicta/cont/rooms/688.c^MY_DIR^north
/players/maledicta/cont/rooms/719.c^MY_DIR^southwest
/players/maledicta/cont/rooms/751.c^MY_DIR^south
/players/maledicta/cont/rooms/752.c^MY_DIR^east
/players/maledicta/cont/rooms/783.c^MY_DIR^southwest
/players/maledicta/cont/rooms/750.c^MY_DIR^northwest
/players/maledicta/cont/rooms/719.c^MY_DIR^northeast
/players/maledicta/cont/rooms/750.c^MY_DIR^southwest
/players/maledicta/cont/rooms/718.c^MY_DIR^north
/players/maledicta/cont/rooms/687.c^MY_DIR^northeast
/players/maledicta/cont/rooms/655.c^MY_DIR^north
/players/maledicta/cont/rooms/687.c^MY_DIR^south
