/players/maledicta/cont/rdragon/rooms/r1
/players/maledicta/cont/rdragon/rooms/r2.c^MY_DIR^west
/players/maledicta/cont/rdragon/rooms/r1.c^MY_DIR^east
/players/maledicta/cont/rdragon/rooms/r2.c^MY_DIR^west
/players/maledicta/cont/rdragon/rooms/r5.c^MY_DIR^west
/players/maledicta/cont/rdragon/rooms/r2.c^MY_DIR^east
/players/maledicta/cont/rdragon/rooms/r1.c^MY_DIR^east
/players/maledicta/cont/rdragon/rooms/r2.c^MY_DIR^west
/players/maledicta/cont/rdragon/rooms/r5.c^MY_DIR^west
/players/maledicta/cont/rdragon/rooms/r2.c^MY_DIR^east
/players/maledicta/cont/rdragon/rooms/r5.c^MY_DIR^west
/players/maledicta/cont/rdragon/rooms/r7.c^MY_DIR^south
/players/maledicta/cont/rdragon/rooms/r5.c^MY_DIR^north
/players/maledicta/cont/rdragon/rooms/r2.c^MY_DIR^east
/players/maledicta/cont/rdragon/rooms/r1.c^MY_DIR^east
/players/maledicta/cont/rdragon/rooms/r2.c^MY_DIR^west
/players/maledicta/cont/rdragon/rooms/r1.c^MY_DIR^east
/players/maledicta/cont/rdragon/rooms/r2.c^MY_DIR^west
/players/maledicta/cont/rdragon/rooms/r1.c^MY_DIR^east
/players/maledicta/cont/rdragon/rooms/r2.c^MY_DIR^west
/players/maledicta/cont/rdragon/rooms/r5.c^MY_DIR^west
/players/maledicta/cont/rdragon/rooms/r6.c^MY_DIR^west
/players/maledicta/cont/rdragon/rooms/r8.c^MY_DIR^west
/players/maledicta/cont/rdragon/rooms/r6.c^MY_DIR^east
/players/maledicta/cont/rdragon/rooms/r8.c^MY_DIR^west
/players/maledicta/cont/rdragon/rooms/r9.c^MY_DIR^west
/players/maledicta/cont/rdragon/rooms/r8.c^MY_DIR^east
/players/maledicta/cont/rdragon/rooms/r6.c^MY_DIR^east
/players/maledicta/cont/rdragon/rooms/r5.c^MY_DIR^east
/players/maledicta/cont/rdragon/rooms/r6.c^MY_DIR^west
/players/maledicta/cont/rdragon/rooms/r8.c^MY_DIR^west
/players/maledicta/cont/rdragon/rooms/r6.c^MY_DIR^east
/players/maledicta/cont/rdragon/rooms/r5.c^MY_DIR^east
/players/maledicta/cont/rdragon/rooms/r2.c^MY_DIR^east
/players/maledicta/cont/rdragon/rooms/r3.c^MY_DIR^north
/players/maledicta/cont/rdragon/rooms/r4.c^MY_DIR^west
/players/maledicta/cont/rdragon/rooms/r3.c^MY_DIR^east
/players/maledicta/cont/rdragon/rooms/r2.c^MY_DIR^south
/players/maledicta/cont/rdragon/rooms/r5.c^MY_DIR^west
/players/maledicta/cont/rdragon/rooms/r7.c^MY_DIR^south
/players/maledicta/cont/rdragon/rooms/r5.c^MY_DIR^north
/players/maledicta/cont/rdragon/rooms/r6.c^MY_DIR^west
/players/maledicta/cont/rdragon/rooms/r8.c^MY_DIR^west
/players/maledicta/cont/rdragon/rooms/r6.c^MY_DIR^east
/players/maledicta/cont/rdragon/rooms/r5.c^MY_DIR^east
/players/maledicta/cont/rdragon/rooms/r2.c^MY_DIR^east
/players/maledicta/cont/rdragon/rooms/r1.c^MY_DIR^east
/players/maledicta/cont/rdragon/rooms/r2.c^MY_DIR^west
/players/maledicta/cont/rdragon/rooms/r1.c^MY_DIR^east
/players/maledicta/cont/rdragon/rooms/r2.c^MY_DIR^west
/players/maledicta/cont/rdragon/rooms/r5.c^MY_DIR^west
/players/maledicta/cont/rdragon/rooms/r7.c^MY_DIR^south
/players/maledicta/cont/rdragon/rooms/r5.c^MY_DIR^north
/players/maledicta/cont/rdragon/rooms/r7.c^MY_DIR^south
/players/maledicta/cont/rdragon/rooms/r5.c^MY_DIR^north
/players/maledicta/cont/rdragon/rooms/r6.c^MY_DIR^west
/players/maledicta/cont/rdragon/rooms/r8.c^MY_DIR^west
/players/maledicta/cont/rdragon/rooms/r9.c^MY_DIR^west
/players/maledicta/cont/rdragon/rooms/r8.c^MY_DIR^east
/players/maledicta/cont/rdragon/rooms/r9.c^MY_DIR^west
/players/maledicta/cont/rdragon/rooms/r8.c^MY_DIR^east
/players/maledicta/cont/rdragon/rooms/r9.c^MY_DIR^west
/players/maledicta/cont/rdragon/rooms/r8.c^MY_DIR^east
/players/maledicta/cont/rdragon/rooms/r6.c^MY_DIR^east
/players/maledicta/cont/rdragon/rooms/r8.c^MY_DIR^west
/players/maledicta/cont/rdragon/rooms/r6.c^MY_DIR^east
/players/maledicta/cont/rdragon/rooms/r8.c^MY_DIR^west
/players/maledicta/cont/rdragon/rooms/r6.c^MY_DIR^east
/players/maledicta/cont/rdragon/rooms/r5.c^MY_DIR^east
/players/maledicta/cont/rdragon/rooms/r7.c^MY_DIR^south
/players/maledicta/cont/rdragon/rooms/r5.c^MY_DIR^north
/players/maledicta/cont/rdragon/rooms/r7.c^MY_DIR^south
/players/maledicta/cont/rdragon/rooms/r5.c^MY_DIR^north
/players/maledicta/cont/rdragon/rooms/r6.c^MY_DIR^west
/players/maledicta/cont/rdragon/rooms/r8.c^MY_DIR^west
/players/maledicta/cont/rdragon/rooms/r9.c^MY_DIR^west
/players/maledicta/cont/rdragon/rooms/r8.c^MY_DIR^east
/players/maledicta/cont/rdragon/rooms/r6.c^MY_DIR^east
/players/maledicta/cont/rdragon/rooms/r8.c^MY_DIR^west
/players/maledicta/cont/rdragon/rooms/r6.c^MY_DIR^east
/players/maledicta/cont/rdragon/rooms/r8.c^MY_DIR^west
/players/maledicta/cont/rdragon/rooms/r6.c^MY_DIR^east
/players/maledicta/cont/rdragon/rooms/r5.c^MY_DIR^east
/players/maledicta/cont/rdragon/rooms/r7.c^MY_DIR^south
/players/maledicta/cont/rdragon/rooms/r5.c^MY_DIR^north
/players/maledicta/cont/rdragon/rooms/r7.c^MY_DIR^south
/players/maledicta/cont/rdragon/rooms/r5.c^MY_DIR^north
/players/maledicta/cont/rdragon/rooms/r6.c^MY_DIR^west
/players/maledicta/cont/rdragon/rooms/r8.c^MY_DIR^west
/players/maledicta/cont/rdragon/rooms/r9.c^MY_DIR^west
/players/maledicta/cont/rdragon/rooms/r8.c^MY_DIR^east
/players/maledicta/cont/rdragon/rooms/r9.c^MY_DIR^west
/players/maledicta/cont/rdragon/rooms/r8.c^MY_DIR^east
/players/maledicta/cont/rdragon/rooms/r9.c^MY_DIR^west
/players/maledicta/cont/rdragon/rooms/r8.c^MY_DIR^east
/players/maledicta/cont/rdragon/rooms/r9.c^MY_DIR^west
/players/maledicta/cont/rdragon/rooms/r8.c^MY_DIR^east
/players/maledicta/cont/rdragon/rooms/r6.c^MY_DIR^east
/players/maledicta/cont/rdragon/rooms/r5.c^MY_DIR^east
/players/maledicta/cont/rdragon/rooms/r6.c^MY_DIR^west
/players/maledicta/cont/rdragon/rooms/r5.c^MY_DIR^east
