/room/vill_shore
/room/vill_road3^MY_DIR^west
/room/vill_road2^MY_DIR^west
/room/adv_guild^MY_DIR^south
/room/vill_road2^MY_DIR^north
/room/vill_road3^MY_DIR^east
/room/southroad1.c^MY_DIR^south
/room/vill_road3^MY_DIR^north
/room/northroad1.c^MY_DIR^north
/room/bank^MY_DIR^east
/players/earwax/bank/bank^MY_DIR^north
/room/bank^MY_DIR^south
/room/northroad1^MY_DIR^west
/room/vill_road3^MY_DIR^south
/room/northroad1.c^MY_DIR^north
/room/bank^MY_DIR^east
/room/northroad1^MY_DIR^west
/room/bank^MY_DIR^east
/players/earwax/bank/bank^MY_DIR^north
/room/bank^MY_DIR^south
/room/northroad1^MY_DIR^west
/room/northroad2^MY_DIR^north
/room/northroad3^MY_DIR^north
/room/northroad2^MY_DIR^south
/room/northroad3^MY_DIR^north
/room/northroad2^MY_DIR^south
/room/northroad1^MY_DIR^south
/room/bank^MY_DIR^east
/players/earwax/bank/bank^MY_DIR^north
/room/bank^MY_DIR^south
/room/northroad1^MY_DIR^west
/room/bank^MY_DIR^east
/players/earwax/bank/bank^MY_DIR^north
/room/bank^MY_DIR^south
/players/earwax/bank/bank^MY_DIR^north
/room/bank^MY_DIR^south
/room/northroad1^MY_DIR^west
/room/bank^MY_DIR^east
/room/northroad1^MY_DIR^west
/room/bank^MY_DIR^east
/room/northroad1^MY_DIR^west
/room/northroad2^MY_DIR^north
/room/northroad3^MY_DIR^north
/room/northroad2^MY_DIR^south
/room/northroad1^MY_DIR^south
/room/northroad2^MY_DIR^north
/room/northroad1^MY_DIR^south
/room/northroad2^MY_DIR^north
/room/northroad1^MY_DIR^south
/room/northroad2^MY_DIR^north
/room/northroad1^MY_DIR^south
/room/northroad2^MY_DIR^north
/room/northroad3^MY_DIR^north
/room/northroad2^MY_DIR^south
/room/northroad1^MY_DIR^south
/room/northroad2^MY_DIR^north
/room/northroad3^MY_DIR^north
/room/northroad2^MY_DIR^south
/room/northroad3^MY_DIR^north
/room/northroad2^MY_DIR^south
/room/northroad1^MY_DIR^south
/room/bank^MY_DIR^east
/room/northroad1^MY_DIR^west
/room/bank^MY_DIR^east
/players/earwax/bank/bank^MY_DIR^north
/room/bank^MY_DIR^south
/room/northroad1^MY_DIR^west
/room/bank^MY_DIR^east
/room/northroad1^MY_DIR^west
/room/northroad2^MY_DIR^north
/room/northroad3^MY_DIR^north
/room/northroad2^MY_DIR^south
