/players/eurale/RMS/titles
/players/eurale/RMS/barter^MY_DIR^west
/players/eurale/RMS/titles^MY_DIR^east
/players/eurale/RMS/warp^MY_DIR^south
/players/eurale/Lab/l1^MY_DIR^down
/players/eurale/Lab/l2.c^MY_DIR^down
/players/eurale/Lab/l3.c^MY_DIR^down
/players/eurale/Lab/l2.c^MY_DIR^up
/players/eurale/Lab/l3.c^MY_DIR^down
/players/eurale/Lab/l4.c^MY_DIR^west
/players/eurale/Lab/l5.c^MY_DIR^west
/players/eurale/Lab/l4.c^MY_DIR^east
/players/eurale/Lab/l5.c^MY_DIR^west
/players/eurale/Lab/l6.c^MY_DIR^northwest
/players/eurale/Lab/l7.c^MY_DIR^up
/players/eurale/Lab/l8.c^MY_DIR^south
/players/eurale/Lab/l7.c^MY_DIR^north
/players/eurale/Lab/l8.c^MY_DIR^south
/players/eurale/Lab/l7.c^MY_DIR^north
/players/eurale/Lab/l6.c^MY_DIR^down
/players/eurale/Lab/l7.c^MY_DIR^up
/players/eurale/Lab/l8.c^MY_DIR^south
/players/eurale/Lab/l7.c^MY_DIR^north
/players/eurale/Lab/l6.c^MY_DIR^down
/players/eurale/Lab/l7.c^MY_DIR^up
/players/eurale/Lab/l6.c^MY_DIR^down
/players/eurale/Lab/l5.c^MY_DIR^southeast
/players/eurale/Lab/l4.c^MY_DIR^east
/players/eurale/Lab/l3.c^MY_DIR^east
/players/eurale/Lab/l2.c^MY_DIR^up
/players/eurale/Lab/l3.c^MY_DIR^down
/players/eurale/Lab/l4.c^MY_DIR^west
/players/eurale/Lab/l3.c^MY_DIR^east
/players/eurale/Lab/l4.c^MY_DIR^west
/players/eurale/Lab/l3.c^MY_DIR^east
/players/eurale/Lab/l4.c^MY_DIR^west
/players/eurale/Lab/l5.c^MY_DIR^west
/players/eurale/Lab/l4.c^MY_DIR^east
/players/eurale/Lab/l5.c^MY_DIR^west
/players/eurale/Lab/l6.c^MY_DIR^northwest
/players/eurale/Lab/l7.c^MY_DIR^up
/players/eurale/Lab/l6.c^MY_DIR^down
/players/eurale/Lab/l7.c^MY_DIR^up
/players/eurale/Lab/l6.c^MY_DIR^down
/players/eurale/Lab/l5.c^MY_DIR^southeast
/players/eurale/Lab/l19.c^MY_DIR^southwest
/players/eurale/Lab/l22.c^MY_DIR^west
/players/eurale/Lab/l24.c^MY_DIR^west
/players/eurale/Lab/l22.c^MY_DIR^east
/players/eurale/Lab/l19.c^MY_DIR^east
/players/eurale/Lab/l5.c^MY_DIR^northeast
/players/eurale/Lab/l19.c^MY_DIR^southwest
/players/eurale/Lab/l5.c^MY_DIR^northeast
/players/eurale/Lab/l19.c^MY_DIR^southwest
/players/eurale/Lab/l5.c^MY_DIR^northeast
/players/eurale/Lab/l4.c^MY_DIR^east
/players/eurale/Lab/l5.c^MY_DIR^west
/players/eurale/Lab/l19.c^MY_DIR^southwest
/players/eurale/Lab/l22.c^MY_DIR^west
/players/eurale/Lab/l24.c^MY_DIR^west
/players/eurale/Lab/l22.c^MY_DIR^east
/players/eurale/Lab/l19.c^MY_DIR^east
/players/eurale/Lab/l5.c^MY_DIR^northeast
/players/eurale/Lab/l19.c^MY_DIR^southwest
/players/eurale/Lab/l22.c^MY_DIR^west
/players/eurale/Lab/l24.c^MY_DIR^west
/players/eurale/Lab/l22.c^MY_DIR^east
/players/eurale/Lab/l19.c^MY_DIR^east
/players/eurale/Lab/l5.c^MY_DIR^northeast
/players/eurale/Lab/l4.c^MY_DIR^east
/players/eurale/Lab/l3.c^MY_DIR^east
