/room/vill_green
/room/vill_track^MY_DIR^east
/room/vill_green^MY_DIR^west
/room/vill_track^MY_DIR^east
/room/vill_road1^MY_DIR^east
/room/yard^MY_DIR^north
/room/alley^MY_DIR^west
/room/yard^MY_DIR^east
/room/alley^MY_DIR^west
/room/yard^MY_DIR^east
/room/alley^MY_DIR^west
/room/yard^MY_DIR^east
/room/vill_road1^MY_DIR^south
/room/narr_alley^MY_DIR^south
/room/new_alley^MY_DIR^southeast
/room/lanceroad1^MY_DIR^southeast
/room/new_alley^MY_DIR^northwest
/room/lanceroad1^MY_DIR^southeast
/room/southroad3^MY_DIR^east
/room/southroad2^MY_DIR^north
/room/southroad1^MY_DIR^north
/room/southroad2^MY_DIR^south
/room/southroad3^MY_DIR^south
/room/southroad2^MY_DIR^north
/room/southroad3^MY_DIR^south
/room/southroad2^MY_DIR^north
/room/southroad3^MY_DIR^south
/room/lanceroad4^MY_DIR^east
/room/southroad3^MY_DIR^west
/room/lanceroad1^MY_DIR^west
/room/new_alley^MY_DIR^northwest
/room/narr_alley^MY_DIR^northwest
/room/new_alley^MY_DIR^southeast
/room/lanceroad1^MY_DIR^southeast
/room/new_alley^MY_DIR^northwest
/room/narr_alley^MY_DIR^northwest
/room/new_alley^MY_DIR^southeast
/room/narr_alley^MY_DIR^northwest
/room/post^MY_DIR^south
/room/lanceroad2^MY_DIR^south
/room/post^MY_DIR^north
/room/lanceroad2^MY_DIR^south
/room/post^MY_DIR^north
/room/lanceroad2^MY_DIR^south
/room/lanceroad3^MY_DIR^west
/room/path1^MY_DIR^north
/players/mokri/stuff/paintball/shack^MY_DIR^east
/room/path1^MY_DIR^west
/players/mokri/stuff/paintball/shack^MY_DIR^east
/players/mokri/clans/hall^MY_DIR^east
/players/mokri/stuff/paintball/shack^MY_DIR^west
/room/path1^MY_DIR^west
/players/mokri/stuff/paintball/shack^MY_DIR^east
/players/mokri/clans/hall^MY_DIR^east
/players/mokri/stuff/paintball/shack^MY_DIR^west
/room/path1^MY_DIR^west
/room/path2^MY_DIR^north
/room/vill_track^MY_DIR^north
/room/clinic^MY_DIR^northwest
/room/vill_track^MY_DIR^southeast
/room/path2^MY_DIR^south
/room/path1^MY_DIR^south
/room/path2^MY_DIR^north
/room/vill_track^MY_DIR^north
/room/vill_green^MY_DIR^west
/room/vill_track^MY_DIR^east
/room/path2^MY_DIR^south
