~~~~~~~~~~~~~~~~~~~~~~~~~~~~~~~~~~~~~~~~~~~~~~~~~~~~~~~~~~~~~~~E
~~~~~~~~~~~~~~~~~:::::~~~~~~~~~~::~~~~~~~~~~~~:::~~~~~~~~~~~~~~E
~~~~~~~~~~:::::::::::::~~~::::~~::::~~~~~~::::::~::~~~~~~~~~~~~E
~~~~~~::::::***:::::*:::~:::*:::::::::~~~::::::~~:::~~~~~~~~~~~E
~~~~~::::*******:::***::::****::::::::::::::::~~:::::~~~~~~~~~~E
~~~~~~::::*******:******:********:::^^::::MMM~~::::~~~~~~~~~~~~E
~~~~~::M::**********************::^^^^^::MMM~~^::~~~~~~~~~~~~~~E
~~~~~:MMM************************^^^^^::MMM~~^^:::~~~~~~~~~~~~~E
~~~~~MMM::*******************::^^^^^:::::M~~^^::::::~~~~~~~~~~~E
~~~~MMM::******:**********::::^^^::MMMM:MM~~^^^:::@@::~~~~~~~~~E
~~~~MMMM::***:::******::::::^^^:::MMMMMMMMM~~^^::@@@@:::~~~~~~~E
~~~~MM::***::::::::**::::::::^::MMMMMMMM~~~~^^:@@@@@:::::~~~~~~E
~~~~M::*****::::::::*::::::^^M:MMMMM~~~~~::^^^^^@@@@@::~~~~~~~~E
~~~~::::**::::::::::::::^^MMMMMM~~~~~~::::^^^@@@@@@::::~~~~~~~~E
~~~~~::::*::::::::::::^^^MM~~~~~~~::::::^^^@@@@@:::::::::~~~~~~E
~~~~~~:::::::::::::MMMM~~~~~~:::::::::@@::^@@@:::::::::::::~~~~E
~~~~~~~~:::::::::MMMMM~~~::::::::::@@@@::::^@@@@@@::::~~~~~~~~~E
~~~~~::~~~::::MMMM::::~~::::::::@@@@@@:::::::@@@:::::::~~~~~~~~E
~~~~~~:::~~:::::M:::::~~::::@@@@@@::::::@@::::@:::::~~~~~~~~~~~E
~~~~~~::::~~~~:::M:::~~~~::@@@@@:::::::@@@@@@::::~~~~~~~~~~~~~~E
~~~~~::@::::~~~~~::~~~~~~~::@::::::@@@@@@@@::::~~~~~~~~~~~~~~~~E
~~~~~~@@@@:::~~~~~~~~~~::::::::::@@@@@@@@@@@@@::~~~~~~~~~~~~~~~E
~~~~~~~@@:::~~~~~~~~~~::::::::M^^:@@@@@@@@:::::~~~~~~~~~~~~~~~~E
~~~~~~~~~::~~~~~~~~~~~~::::MMM^^:::@@::@@@@:~~~~~~~~~~~~~~~~~~~E
~~~~~~~~~~~~~~~~~~~::::::MM^^^::::::::@@@@@@::~~~~~~~~~~~~~~~~~E
~~~~~~~~~~~~~:::::::::MMM^^^:::::::@@@@@@@::~~~~~~~~~~~~~~~~~~~E
~~~~~~~~~~~~~~~:::::::MM^^::::::@@@@@@:::@@~~~~~~~~~~~~~~~~~~~~E
~~~~~~~~~~~~~~~~~::MMM^^::^^::::@@@@:::::@~~~~~~~~~~~~~~~~~~~~~E
~~~~~~~~~~~~~~~~~~~MMM^:::^^^:::::@@:::@@~~~~~~~~~~~~~~~~~~~~~~E
~~~~~~~~~~~~~~~~~~~~~MM^^:^^:::::@@@@@:~~~~~~~~~~~~~~~~~~~~~~~~E
~~~~~~~~~~~~~~~~~~~~~~~MM^^:::::@@@@@:~~~~~~~~~~~~~~~~~~~~~~~~~E
~~~~~~~~~~~~~~~~~~~~~~~~MM^^^::@@@@:~~~~~~~~~~~~~~~~~~~~~~~~~~~E
~~~~~~~~~~~~~~~~~~~~~~~M^^^:::@@::~~~~~~~~~~~~~~~~~~~~~~~~~~~~~E
~~~~~~~~~~~~~~~~~~~~~~~~M^^^::::~~~~~~~~~~~~~~~~~~~~~~~~~~~~~~~E
~~~~~~~~~~~~~~~~~~~~~~~~~M^^:::~~~~~~~~~~~~~~~~~~~~~~~~~~~~~~~~E
~~~~~~~~~~~~~~~~~~~~~~~~~~~^:~~~~~~~~~~~~~~~~~~~~~~~~~~~~~~~~~~E
~~~~~~~~~~~~~~~~~~~~~~~~~~~~~~~~~~~~~~~~~~~~~~~~~~~~~~~~~~~~~~~