

	   [1;32m~[2;37;0m[1m*[1;32m~ [1;35mSoftly's World [1;32m~[2;37;0m[1m*[1;32m~
[2;37;0m	       (Not to scale)

    [30m[1mN[2;37;0m                          [31mR[2;37;0mocky [31mP[2;37;0moint
    |              [1mCottage[2;37;0m     Light[1;33mhouse
[2;37;0m [30m[1m W[2;37;0m-o-[30m[1mE[2;37;0m  [1mFrozen[2;37;0m       |          /
    |     [1mPond[2;37;0m     [32mForest[2;37;0m       /
    [30m[1mS[2;37;0m                /          - - Jetty
            Shack -           /
                  |          /
Signpost - [32mForest[2;37;0m + [32mForest[2;37;0m -  - Beach
                  |               \
                Road             Beach
                 /
            - - +  [31mRed
[2;37;0m            |   | House
         Church |
                |
       Clothing + - -
                |   Porch
                |
          [32mHerbs[2;37;0m + Variety
                |
       School - + Brothel Mill
                |         /
       [33mDetective[2;37;0m   -   -

