                   
                   Deadwood  ###########  /@/@/@/@
                    Forest    #########   /@/@/@/@  Hollows
                               #######    /@/@/@/@
                                       |
                                   * - *
                                   |
                                   *
                                   |
         Silver Sea                *                      Rowan  1: Town Hall
        /                          |              __________     2: Inn
     ~~       Drakeshore          ___            |  6  5  4 |    3: Library
     ~~           ____   * - * - |___| - * - * - |          |    4: Shop
     ~~    [D] - |    | /          |  \          |__3__2__1_|    5: Temple
     ~~   Dock   |____|            *   Crossroads                6: Stables
     ~~                            |  
[O]  ~~                            * 
   \                                  \
    Overfiends                    /^\/^\   
      Tower                  /^/^\/^\ /^\/^\  Elkhorn Mnts
                             /^\/^\^\/^/^\ 
