/players/mokri/stuff/paintball/shack
/room/path1^MY_DIR^west
/room/lanceroad3^MY_DIR^south
/room/lanceroad2^MY_DIR^east
/room/post^MY_DIR^north
/room/lanceroad2^MY_DIR^south
/room/lanceroad1^MY_DIR^east
/room/new_alley^MY_DIR^northwest
/room/narr_alley^MY_DIR^northwest
/room/vill_road1^MY_DIR^north
/room/yard^MY_DIR^north
/room/vill_road1^MY_DIR^south
/room/yard^MY_DIR^north
/room/vill_road1^MY_DIR^south
/room/yard^MY_DIR^north
/players/dreamspeakr/WEDDING/garden^MY_DIR^north
/players/dreamspeakr/WEDDING/chapel.c^MY_DIR^chapel
/players/dreamspeakr/WEDDING/garden.c^MY_DIR^leave
/players/dreamspeakr/WEDDING/garden.c^MY_DIR^dressing_room
/players/dreamspeakr/WEDDING/chapel.c^MY_DIR^chapel
/players/dreamspeakr/WEDDING/garden.c^MY_DIR^leave
/players/dreamspeakr/WEDDING/garden.c^MY_DIR^dressing_room
/players/dreamspeakr/CASTLE/entrance.c^MY_DIR^south
/room/forest9.c^MY_DIR^out
/room/forest11^MY_DIR^west
/room/forest9^MY_DIR^east
/room/forest8^MY_DIR^north
/room/forest5^MY_DIR^east
/room/forest4^MY_DIR^east
/room/forest6^MY_DIR^east
/room/forest4^MY_DIR^west
/room/forest3^MY_DIR^north
/room/forest4^MY_DIR^south
/room/forest7^MY_DIR^south
/room/forest10^MY_DIR^west
/room/forest7^MY_DIR^east
/room/forest4^MY_DIR^north
/room/forest5^MY_DIR^west
/room/forest4^MY_DIR^east
/room/forest3^MY_DIR^north
/room/slope^MY_DIR^north
/room/orc_vall^MY_DIR^west
/room/slope^MY_DIR^east
/room/forest2^MY_DIR^east
/room/clearing^MY_DIR^east
/room/plane1^MY_DIR^north
/room/clearing^MY_DIR^south
/room/plane1^MY_DIR^north
/room/plane2^MY_DIR^north
/room/plane5^MY_DIR^west
/room/plane7^MY_DIR^north
/room/plane3^MY_DIR^east
/room/ruin^MY_DIR^east
/room/plane9^MY_DIR^east
/room/ruin^MY_DIR^west
/room/plane4^MY_DIR^south
/room/plane2^MY_DIR^west
/room/plane5^MY_DIR^west
/room/plane7^MY_DIR^north
/room/plane3^MY_DIR^east
/room/plane6^MY_DIR^north
/room/plane11^MY_DIR^north
/room/mount_pass^MY_DIR^north
/room/plane11^MY_DIR^south
/room/plane12^MY_DIR^west
/room/deep_forest1^MY_DIR^west
/room/plane12^MY_DIR^east
/room/deep_forest1^MY_DIR^west
/room/plane12^MY_DIR^east
