/players/mythos/aroom/path1
/players/mythos/aroom/path2.c^MY_DIR^east
/players/mythos/aroom/rice.c^MY_DIR^north
/players/mythos/aroom/path2.c^MY_DIR^south
/players/mythos/aroom/phut.c^MY_DIR^south
/players/mythos/aroom/path2.c^MY_DIR^north
/players/mythos/aroom/village.c^MY_DIR^east
/players/mythos/aroom/puba.c^MY_DIR^south
/players/mythos/aroom/village.c^MY_DIR^north
/players/mythos/aroom/puba.c^MY_DIR^south
/players/mythos/aroom/village.c^MY_DIR^north
/players/mythos/aroom/shopa.c^MY_DIR^north
/players/mythos/aroom/village.c^MY_DIR^south
/players/mythos/aroom/shopa.c^MY_DIR^north
/players/mythos/aroom/village.c^MY_DIR^south
/players/mythos/aroom/shopa.c^MY_DIR^north
/players/mythos/aroom/village.c^MY_DIR^south
/players/mythos/aroom/puba.c^MY_DIR^south
/players/mythos/aroom/village.c^MY_DIR^north
/players/mythos/aroom/puba.c^MY_DIR^south
/players/mythos/aroom/village.c^MY_DIR^north
/players/mythos/aroom/shopa.c^MY_DIR^north
/players/mythos/aroom/village.c^MY_DIR^south
/players/mythos/aroom/puba.c^MY_DIR^south
/players/mythos/aroom/village.c^MY_DIR^north
/players/mythos/aroom/vil1.c^MY_DIR^east
/players/mythos/aroom/shrinear4.c^MY_DIR^north
/players/mythos/aroom/vil1.c^MY_DIR^south
/players/mythos/aroom/smithy.c^MY_DIR^south
/players/mythos/aroom/vil1.c^MY_DIR^north
/players/mythos/aroom/shrinear4.c^MY_DIR^north
/players/mythos/aroom/shrinear5.c^MY_DIR^enter
/players/mythos/aroom/shrinear4.c^MY_DIR^south
/players/mythos/aroom/vil1.c^MY_DIR^south
/players/mythos/aroom/shrinear4.c^MY_DIR^north
/players/mythos/aroom/vil1.c^MY_DIR^south
/players/mythos/aroom/shrinear4.c^MY_DIR^north
/players/mythos/aroom/vil1.c^MY_DIR^south
/players/mythos/aroom/smithy.c^MY_DIR^south
/players/mythos/aroom/vil1.c^MY_DIR^north
/players/mythos/aroom/smithy.c^MY_DIR^south
/players/mythos/aroom/vil1.c^MY_DIR^north
/players/mythos/aroom/shrinear4.c^MY_DIR^north
/players/mythos/aroom/shrinear5.c^MY_DIR^enter
/players/mythos/aroom/shrinear3.c^MY_DIR^east
/players/mythos/aroom/shrinear5.c^MY_DIR^west
/players/mythos/aroom/shrinear3.c^MY_DIR^east
/players/vertebraker/guilds/samurai/room/1^MY_DIR^east
/players/vertebraker/guilds/samurai/room/dojo_foyer^MY_DIR^east
/players/vertebraker/guilds/samurai/room/dojo_shomen^MY_DIR^east
/players/vertebraker/guilds/samurai/room/dojo_sc^MY_DIR^up
/players/vertebraker/guilds/samurai/room/dojo_armory^MY_DIR^east
/players/vertebraker/guilds/samurai/room/dojo_sc^MY_DIR^west
/players/vertebraker/guilds/samurai/room/dojo_personal^MY_DIR^west
/players/vertebraker/guilds/samurai/room/dojo_sc^MY_DIR^east
/players/vertebraker/guilds/samurai/room/dojo_arena^MY_DIR^south
/players/vertebraker/guilds/samurai/room/dojo_stands^MY_DIR^east
/players/vertebraker/guilds/samurai/room/dojo_arena^MY_DIR^west
/players/vertebraker/guilds/samurai/room/dojo_sc^MY_DIR^north
/players/vertebraker/guilds/samurai/room/dojo_armory^MY_DIR^east
/players/vertebraker/guilds/samurai/room/dojo_musashi^MY_DIR^up
/players/vertebraker/guilds/samurai/room/dojo_armory^MY_DIR^down
/players/vertebraker/guilds/samurai/room/dojo_sc^MY_DIR^west
/players/vertebraker/guilds/samurai/room/dojo_shomen^MY_DIR^down
/players/vertebraker/guilds/samurai/room/dojo_foyer^MY_DIR^west
/players/vertebraker/guilds/samurai/room/dojo_shomen^MY_DIR^east
/players/vertebraker/guilds/samurai/room/dojo_foyer^MY_DIR^west
/players/vertebraker/guilds/samurai/room/dojo_shomen^MY_DIR^east
/players/vertebraker/guilds/samurai/room/dojo_heals^MY_DIR^east
/players/vertebraker/guilds/samurai/room/dojo_shomen^MY_DIR^west
/players/vertebraker/guilds/samurai/room/dojo_adv^MY_DIR^south
