/players/mythos/aroom/path1
/players/mythos/entrance.c^MY_DIR^portal
/players/snow/gate.c^MY_DIR^snow
/players/snow/shadows/shadowgate^MY_DIR^shadowgate
/players/snow/gate.c^MY_DIR^vortex
/room/plane10^MY_DIR^out
/room/plane6^MY_DIR^east
/room/plane10^MY_DIR^west
/room/plane12^MY_DIR^north
/room/plane11^MY_DIR^east
/room/plane12^MY_DIR^west
/room/plane11^MY_DIR^east
/room/plane13^MY_DIR^east
/room/plane8^MY_DIR^south
/room/plane6^MY_DIR^west
/room/plane10^MY_DIR^west
/room/plane12^MY_DIR^north
/room/deep_forest1^MY_DIR^west
/room/plane12^MY_DIR^east
/room/plane10^MY_DIR^south
/room/plane7^MY_DIR^south
/room/plane10^MY_DIR^north
/room/plane6^MY_DIR^east
/room/plane3^MY_DIR^south
/room/plane7^MY_DIR^west
/room/big_tree^MY_DIR^west
/room/giant_path^MY_DIR^west
/room/giant_lair^MY_DIR^west
/room/giant_path^MY_DIR^east
/room/big_tree^MY_DIR^east
/room/plane7^MY_DIR^east
/room/plane10^MY_DIR^north
/room/plane12^MY_DIR^north
/room/deep_forest1^MY_DIR^west
/room/plane12^MY_DIR^east
/room/deep_forest1^MY_DIR^west
/room/plane12^MY_DIR^east
/room/plane10^MY_DIR^south
/room/plane6^MY_DIR^east
/room/plane8^MY_DIR^east
/room/ruin^MY_DIR^south
/room/plane9^MY_DIR^east
/room/ruin^MY_DIR^west
/room/plane8^MY_DIR^north
/room/ruin^MY_DIR^south
/room/plane4^MY_DIR^south
/room/plane2^MY_DIR^west
/room/plane1^MY_DIR^south
/room/plane2^MY_DIR^north
/room/plane3^MY_DIR^north
/room/plane7^MY_DIR^west
/room/plane5^MY_DIR^south
/room/plane2^MY_DIR^east
/room/plane3^MY_DIR^north
/room/plane7^MY_DIR^west
/room/plane5^MY_DIR^south
/room/plane2^MY_DIR^east
/room/plane1^MY_DIR^south
/room/clearing^MY_DIR^south
/room/forest1^MY_DIR^east
/room/clearing^MY_DIR^west
/room/forest1^MY_DIR^east
/room/clearing^MY_DIR^west
/room/forest2^MY_DIR^west
/room/slope^MY_DIR^west
/room/forest3^MY_DIR^south
/room/forest4^MY_DIR^south
/room/forest6^MY_DIR^east
/room/forest4^MY_DIR^west
/room/forest5^MY_DIR^west
