/room/vill_green
/room/vill_track^MY_DIR^east
/room/vill_road1^MY_DIR^east
/room/vill_track^MY_DIR^west
/room/vill_road1^MY_DIR^east
/room/narr_alley^MY_DIR^south
/room/vill_road1^MY_DIR^north
/room/narr_alley^MY_DIR^south
/room/post^MY_DIR^south
/room/narr_alley^MY_DIR^north
/room/vill_road1^MY_DIR^north
/room/narr_alley^MY_DIR^south
/room/new_alley^MY_DIR^southeast
/room/narr_alley^MY_DIR^northwest
/room/vill_road1^MY_DIR^north
/room/vill_track^MY_DIR^west
/room/vill_road1^MY_DIR^east
/room/narr_alley^MY_DIR^south
/room/new_alley^MY_DIR^southeast
/room/lanceroad1^MY_DIR^southeast
/room/southroad3^MY_DIR^east
/room/southroad2^MY_DIR^north
/room/southroad3^MY_DIR^south
/room/lanceroad4^MY_DIR^east
/room/southroad3^MY_DIR^west
/room/southroad2^MY_DIR^north
/room/southroad3^MY_DIR^south
/room/lanceroad4^MY_DIR^east
/room/southroad3^MY_DIR^west
/room/lanceroad4^MY_DIR^east
/room/farmroad1^MY_DIR^east
/room/lanceroad4^MY_DIR^west
/room/southroad3^MY_DIR^west
/room/lanceroad4^MY_DIR^east
/room/farmroad1^MY_DIR^east
/room/farmroad3^MY_DIR^south
/room/farmroad1^MY_DIR^north
/room/farmroad3^MY_DIR^south
/room/farmroad1^MY_DIR^north
/room/farmroad3^MY_DIR^south
/room/farmroad1^MY_DIR^north
/room/farmroad3^MY_DIR^south
/room/farmroad1^MY_DIR^north
/room/lanceroad4^MY_DIR^west
/room/southroad3^MY_DIR^west
/room/lanceroad4^MY_DIR^east
/room/farmroad1^MY_DIR^east
/room/farmroad2^MY_DIR^north
/room/farmroad1^MY_DIR^south
/room/lanceroad4^MY_DIR^west
/room/southroad3^MY_DIR^west
/room/southroad2^MY_DIR^north
/room/southroad3^MY_DIR^south
/room/lanceroad4^MY_DIR^east
/room/southroad3^MY_DIR^west
/room/lanceroad1^MY_DIR^west
/room/lanceroad2^MY_DIR^west
/room/lanceroad3^MY_DIR^west
/room/lanceroad2^MY_DIR^east
/room/post^MY_DIR^north
/room/lanceroad2^MY_DIR^south
/room/lanceroad1^MY_DIR^east
/room/new_alley^MY_DIR^northwest
/room/narr_alley^MY_DIR^northwest
/room/post^MY_DIR^south
/room/narr_alley^MY_DIR^north
/room/post^MY_DIR^south
/room/narr_alley^MY_DIR^north
/room/new_alley^MY_DIR^southeast
/room/narr_alley^MY_DIR^northwest
/room/vill_road1^MY_DIR^north
