/players/mouzar/castle/under/under40
/players/mouzar/castle/under/under38^MY_DIR^south
/players/mouzar/castle/under/under40^MY_DIR^north
/players/mouzar/castle/under/under42^MY_DIR^north
/players/mouzar/castle/under/under40^MY_DIR^south
/players/mouzar/castle/under/under42^MY_DIR^north
/players/mouzar/castle/under/under40^MY_DIR^south
/players/mouzar/castle/under/under42^MY_DIR^north
/players/mouzar/castle/under/under41^MY_DIR^west
/players/mouzar/castle/under/under42^MY_DIR^east
/players/mouzar/castle/under/under41^MY_DIR^west
/players/mouzar/castle/under/under42^MY_DIR^east
/players/mouzar/castle/under/under41^MY_DIR^west
/players/mouzar/castle/under/under122^MY_DIR^west
/players/mouzar/castle/under/under41^MY_DIR^east
/players/mouzar/castle/under/under122^MY_DIR^west
/players/mouzar/castle/under/under123^MY_DIR^west
/players/mouzar/castle/under/under125^MY_DIR^south
/players/mouzar/castle/under/under133^MY_DIR^south
/players/mouzar/castle/under/under125^MY_DIR^north
/players/mouzar/castle/under/under123^MY_DIR^north
/players/mouzar/castle/under/under122^MY_DIR^east
/players/mouzar/castle/under/under123^MY_DIR^west
/players/mouzar/castle/under/under122^MY_DIR^east
/players/mouzar/castle/under/under41^MY_DIR^east
/players/mouzar/castle/under/under122^MY_DIR^west
/players/mouzar/castle/under/under126^MY_DIR^north
/players/mouzar/castle/under/under122^MY_DIR^south
/players/mouzar/castle/under/under123^MY_DIR^west
/players/mouzar/castle/under/under125^MY_DIR^south
/players/mouzar/castle/under/under123^MY_DIR^north
/players/mouzar/castle/under/under124^MY_DIR^west
/players/mouzar/castle/under/under123^MY_DIR^east
/players/mouzar/castle/under/under122^MY_DIR^east
/players/mouzar/castle/under/under126^MY_DIR^north
/players/mouzar/castle/under/under122^MY_DIR^south
/players/mouzar/castle/under/under41^MY_DIR^east
/players/mouzar/castle/under/under42^MY_DIR^east
/players/mouzar/castle/under/under41^MY_DIR^west
/players/mouzar/castle/under/under42^MY_DIR^east
/players/mouzar/castle/under/under40^MY_DIR^south
/players/mouzar/castle/under/under43^MY_DIR^east
/players/mouzar/castle/under/under40^MY_DIR^west
/players/mouzar/castle/under/under43^MY_DIR^east
/players/mouzar/castle/under/under44^MY_DIR^east
/players/mouzar/castle/under/under45^MY_DIR^east
/players/mouzar/castle/under/under46^MY_DIR^north
/players/mouzar/castle/under/under47^MY_DIR^east
/players/mouzar/castle/under/under46^MY_DIR^west
/players/mouzar/castle/under/under45^MY_DIR^south
/players/mouzar/castle/under/under46^MY_DIR^north
/players/mouzar/castle/under/under45^MY_DIR^south
/players/mouzar/castle/under/under44^MY_DIR^west
/players/mouzar/castle/under/under45^MY_DIR^east
/players/mouzar/castle/under/under46^MY_DIR^north
/players/mouzar/castle/under/under45^MY_DIR^south
/players/mouzar/castle/under/under44^MY_DIR^west
/players/mouzar/castle/under/under43^MY_DIR^west
/players/mouzar/castle/under/under40^MY_DIR^west
/players/mouzar/castle/under/under38^MY_DIR^south
/players/mouzar/castle/under/under40^MY_DIR^north
/players/mouzar/castle/under/under38^MY_DIR^south
/players/mouzar/castle/under/under37^MY_DIR^south
/players/mouzar/castle/under/under39^MY_DIR^east
/players/mouzar/castle/under/under1^MY_DIR^east
/players/mouzar/castle/under/under39^MY_DIR^west
/players/mouzar/castle/under/under37^MY_DIR^west
/players/mouzar/castle/under/under39^MY_DIR^east
/players/mouzar/castle/under/under1^MY_DIR^east
/players/mouzar/castle/under/under2^MY_DIR^south
/players/mouzar/castle/under/under1^MY_DIR^north
