/players/emerson/rooms/enter
/room/vill_shore^MY_DIR^exit
/room/jetty^MY_DIR^east
/room/vill_shore2^MY_DIR^east
/room/jetty2^MY_DIR^east
/room/vill_shore2^MY_DIR^west
/players/mistress/path/entrance^MY_DIR^north
/room/vill_shore2^MY_DIR^south
/room/jetty^MY_DIR^west
/room/vill_shore^MY_DIR^west
/room/eastroad1^MY_DIR^north
/room/eastroad2^MY_DIR^north
/room/eastroad1^MY_DIR^south
/room/vill_shore^MY_DIR^south
/room/eastroad1^MY_DIR^north
/room/temple/path^MY_DIR^west
/room/eastroad1^MY_DIR^east
/room/eastroad2^MY_DIR^north
/room/eastroad3^MY_DIR^north
/room/sunalley1^MY_DIR^west
/room/sunalley2^MY_DIR^west
/room/sunalley1^MY_DIR^east
/room/eastroad3^MY_DIR^east
/room/eastroad4^MY_DIR^north
/room/eastroad5^MY_DIR^north
/room/eastroad4^MY_DIR^south
/room/eastroad3^MY_DIR^south
/room/eastroad4^MY_DIR^north
/room/eastroad3^MY_DIR^south
/room/eastroad2^MY_DIR^south
/room/eastroad3^MY_DIR^north
/room/sunalley1^MY_DIR^west
/room/sunalley2^MY_DIR^west
/room/sunalley1^MY_DIR^east
/room/sunalley2^MY_DIR^west
/room/sunalley1^MY_DIR^east
/room/eastroad3^MY_DIR^east
/room/eastroad2^MY_DIR^south
/room/eastroad3^MY_DIR^north
/room/eastroad4^MY_DIR^north
/room/eastroad5^MY_DIR^north
/players/eurale/VAMPIRES/RMS/vgent.c^MY_DIR^north
/players/eurale/VAMPIRES/RMS/vguild_hall^MY_DIR^down
/players/eurale/VAMPIRES/RMS/basement^MY_DIR^down
/players/eurale/VAMPIRES/RMS/vguild_hall^MY_DIR^up
/players/eurale/VAMPIRES/RMS/boardroom^MY_DIR^east
/players/eurale/VAMPIRES/RMS/vguild_hall^MY_DIR^west
/players/eurale/VAMPIRES/RMS/vgent^MY_DIR^up
/players/eurale/VAMPIRES/RMS/vguild_hall^MY_DIR^down
/players/nooneelse/black/guild_members_room^MY_DIR^north
/players/eurale/VAMPIRES/RMS/vguild_hall^MY_DIR^south
/players/eurale/VAMPIRES/RMS/equip^MY_DIR^west
/players/eurale/VAMPIRES/RMS/shop^MY_DIR^south
/players/eurale/VAMPIRES/RMS/wolf_path.c^MY_DIR^west
/players/eurale/VAMPIRES/RMS/shop.c^MY_DIR^east
/players/eurale/VAMPIRES/RMS/wolf_path.c^MY_DIR^west
/players/eurale/VAMPIRES/RMS/shop.c^MY_DIR^east
/players/eurale/VAMPIRES/RMS/equip.c^MY_DIR^north
/players/eurale/VAMPIRES/RMS/wing_room^MY_DIR^north
/players/eurale/VAMPIRES/RMS/init_room.c^MY_DIR^north
/players/eurale/VAMPIRES/RMS/wing_room.c^MY_DIR^south
/players/eurale/VAMPIRES/RMS/donation.c^MY_DIR^west
/players/eurale/VAMPIRES/RMS/wing_room.c^MY_DIR^east
/players/eurale/VAMPIRES/RMS/equip.c^MY_DIR^south
/players/eurale/VAMPIRES/RMS/vguild_hall^MY_DIR^east
/players/nooneelse/black/guild_members_room^MY_DIR^north
/players/eurale/VAMPIRES/RMS/vguild_hall^MY_DIR^south
/players/eurale/VAMPIRES/RMS/basement^MY_DIR^down
/players/eurale/VAMPIRES/RMS/vguild_hall^MY_DIR^up
/players/eurale/VAMPIRES/RMS/vgent^MY_DIR^up
/players/eurale/VAMPIRES/RMS/vguild_hall^MY_DIR^down
/players/eurale/VAMPIRES/RMS/boardroom^MY_DIR^east
/players/eurale/VAMPIRES/RMS/vguild_hall^MY_DIR^west
/players/eurale/VAMPIRES/RMS/vgent^MY_DIR^up
/players/eurale/VAMPIRES/RMS/cafe^MY_DIR^west
/players/eurale/VAMPIRES/RMS/vgent.c^MY_DIR^east
/players/eurale/VAMPIRES/RMS/vguild_hall^MY_DIR^down
/players/eurale/VAMPIRES/RMS/basement^MY_DIR^down
/players/eurale/VAMPIRES/RMS/vguild_hall^MY_DIR^up
/players/eurale/VAMPIRES/RMS/vgent^MY_DIR^up
/room/eastroad5^MY_DIR^south
/room/inn^MY_DIR^west
/room/eastroad5^MY_DIR^east
/room/inn^MY_DIR^west
/room/eastroad5^MY_DIR^east
/room/eastroad4^MY_DIR^south
/room/eastroad5^MY_DIR^north
/players/eurale/VAMPIRES/RMS/vgent.c^MY_DIR^north
/room/eastroad5^MY_DIR^south
/players/eurale/VAMPIRES/RMS/vgent.c^MY_DIR^north
/room/eastroad5^MY_DIR^south
/room/inn^MY_DIR^west
/room/eastroad5^MY_DIR^east
/players/eurale/VAMPIRES/RMS/vgent.c^MY_DIR^north
/players/eurale/VAMPIRES/RMS/vguild_hall^MY_DIR^down
/players/eurale/VAMPIRES/RMS/basement^MY_DIR^down
/players/eurale/VAMPIRES/RMS/vguild_hall^MY_DIR^up
/players/eurale/VAMPIRES/RMS/vgent^MY_DIR^up
/room/eastroad5^MY_DIR^south
