/players/emerson/rooms/enter
/players/emerson/rooms/wait.c^MY_DIR^west
/players/emerson/rooms/room21.c^MY_DIR^south
/players/emerson/rooms/room23.c^MY_DIR^west
/players/emerson/rooms/room24.c^MY_DIR^west
/players/emerson/rooms/room23.c^MY_DIR^east
/players/emerson/rooms/room21.c^MY_DIR^east
/players/emerson/rooms/wait.c^MY_DIR^north
/players/emerson/rooms/enter.c^MY_DIR^east
/players/emerson/rooms/wait.c^MY_DIR^west
/players/emerson/rooms/enter.c^MY_DIR^east
/players/emerson/rooms/wait.c^MY_DIR^west
/players/emerson/rooms/room21.c^MY_DIR^south
/players/emerson/rooms/wait.c^MY_DIR^north
/players/emerson/rooms/room21.c^MY_DIR^south
/players/emerson/rooms/room23.c^MY_DIR^west
/players/emerson/rooms/room24.c^MY_DIR^west
/players/emerson/rooms/room23.c^MY_DIR^east
/players/emerson/rooms/room21.c^MY_DIR^east
/players/emerson/rooms/room23.c^MY_DIR^west
/players/emerson/rooms/room24.c^MY_DIR^west
/players/emerson/rooms/room23.c^MY_DIR^east
/players/emerson/rooms/room24.c^MY_DIR^west
/players/emerson/rooms/room23.c^MY_DIR^east
/players/emerson/rooms/room24.c^MY_DIR^west
/players/emerson/rooms/room29.c^MY_DIR^west
/players/emerson/rooms/break.c^MY_DIR^west
/players/emerson/rooms/room29.c^MY_DIR^east
/players/emerson/rooms/break.c^MY_DIR^west
/players/emerson/rooms/room29.c^MY_DIR^east
/players/emerson/rooms/room24.c^MY_DIR^east
/players/emerson/rooms/room29.c^MY_DIR^west
/players/emerson/rooms/room24.c^MY_DIR^east
/players/emerson/rooms/freezer.c^MY_DIR^north
/players/emerson/rooms/room24.c^MY_DIR^south
/players/emerson/rooms/room29.c^MY_DIR^west
/players/emerson/rooms/room30.c^MY_DIR^north
/players/emerson/rooms/room29.c^MY_DIR^south
/players/emerson/rooms/break.c^MY_DIR^west
/players/emerson/rooms/room29.c^MY_DIR^east
/players/emerson/rooms/room24.c^MY_DIR^east
/players/emerson/rooms/freezer.c^MY_DIR^north
/players/emerson/rooms/room24.c^MY_DIR^south
/players/emerson/rooms/room23.c^MY_DIR^east
/players/emerson/rooms/room24.c^MY_DIR^west
/players/emerson/rooms/room29.c^MY_DIR^west
/players/emerson/rooms/room24.c^MY_DIR^east
/players/emerson/rooms/room23.c^MY_DIR^east
/players/emerson/rooms/room21.c^MY_DIR^east
/players/emerson/rooms/wait.c^MY_DIR^north
/players/emerson/rooms/room21.c^MY_DIR^south
/players/emerson/rooms/wait.c^MY_DIR^north
/players/emerson/rooms/room21.c^MY_DIR^south
/players/emerson/rooms/room23.c^MY_DIR^west
/players/emerson/rooms/room24.c^MY_DIR^west
/players/emerson/rooms/room29.c^MY_DIR^west
/players/emerson/rooms/room30.c^MY_DIR^north
/players/emerson/rooms/room29.c^MY_DIR^south
/players/emerson/rooms/room30.c^MY_DIR^north
/players/emerson/rooms/room29.c^MY_DIR^south
/players/emerson/rooms/room30.c^MY_DIR^north
/players/emerson/rooms/room29.c^MY_DIR^south
/players/emerson/rooms/break.c^MY_DIR^west
/players/emerson/rooms/room29.c^MY_DIR^east
/players/emerson/rooms/room24.c^MY_DIR^east
/players/emerson/rooms/room29.c^MY_DIR^west
/players/emerson/rooms/room30.c^MY_DIR^north
/players/emerson/rooms/room29.c^MY_DIR^south
/players/emerson/rooms/room24.c^MY_DIR^east
/players/emerson/rooms/freezer.c^MY_DIR^north
/players/emerson/rooms/room24.c^MY_DIR^south
/players/emerson/rooms/room23.c^MY_DIR^east
/players/emerson/rooms/room21.c^MY_DIR^east
/players/emerson/rooms/room23.c^MY_DIR^west
/players/emerson/rooms/room24.c^MY_DIR^west
/players/emerson/rooms/room23.c^MY_DIR^east
/players/emerson/rooms/room21.c^MY_DIR^east
/players/emerson/rooms/room23.c^MY_DIR^west
/players/emerson/rooms/room24.c^MY_DIR^west
/players/emerson/rooms/freezer.c^MY_DIR^north
/players/emerson/rooms/room24.c^MY_DIR^south
/players/emerson/rooms/freezer.c^MY_DIR^north
/players/emerson/rooms/room24.c^MY_DIR^south
/players/emerson/rooms/room23.c^MY_DIR^east
/players/emerson/rooms/room24.c^MY_DIR^west
/players/emerson/rooms/room23.c^MY_DIR^east
/players/emerson/rooms/room24.c^MY_DIR^west
/players/emerson/rooms/freezer.c^MY_DIR^north
/players/emerson/rooms/room24.c^MY_DIR^south
/players/emerson/rooms/room29.c^MY_DIR^west
/players/emerson/rooms/room24.c^MY_DIR^east
/players/emerson/rooms/room29.c^MY_DIR^west
/players/emerson/rooms/room24.c^MY_DIR^east
/players/emerson/rooms/room29.c^MY_DIR^west
/players/emerson/rooms/break.c^MY_DIR^west
/players/emerson/rooms/room29.c^MY_DIR^east
/players/emerson/rooms/room30.c^MY_DIR^north
/players/emerson/rooms/room29.c^MY_DIR^south
/players/emerson/rooms/break.c^MY_DIR^west
/players/emerson/rooms/room29.c^MY_DIR^east
/players/emerson/rooms/room24.c^MY_DIR^east
