/room/vill_green
/room/hump^MY_DIR^west
/room/wild1^MY_DIR^west
/room/hump^MY_DIR^east
/room/wild1^MY_DIR^west
/room/forest1^MY_DIR^west
/room/wild1^MY_DIR^east
/room/forest1^MY_DIR^west
/room/clearing^MY_DIR^west
/room/forest2^MY_DIR^west
/room/clearing^MY_DIR^east
/room/forest2^MY_DIR^west
/room/slope^MY_DIR^west
/room/forest2^MY_DIR^east
/room/clearing^MY_DIR^east
/room/forest2^MY_DIR^west
/room/clearing^MY_DIR^east
/room/forest2^MY_DIR^west
/room/slope^MY_DIR^west
/room/forest2^MY_DIR^east
/room/clearing^MY_DIR^east
/room/forest1^MY_DIR^east
/room/clearing^MY_DIR^west
/room/plane1^MY_DIR^north
/room/plane2^MY_DIR^north
/room/plane3^MY_DIR^north
/room/plane7^MY_DIR^west
/room/plane10^MY_DIR^north
/room/plane12^MY_DIR^north
/room/deep_forest1^MY_DIR^west
/room/plane12^MY_DIR^east
/room/plane10^MY_DIR^south
/room/plane6^MY_DIR^east
/room/plane3^MY_DIR^south
/room/ruin^MY_DIR^east
/room/plane4^MY_DIR^south
/room/plane2^MY_DIR^west
/room/plane3^MY_DIR^north
/room/plane2^MY_DIR^south
/room/plane3^MY_DIR^north
/room/plane2^MY_DIR^south
/room/plane5^MY_DIR^west
/room/plane7^MY_DIR^north
/room/plane10^MY_DIR^north
/room/plane7^MY_DIR^south
/room/plane3^MY_DIR^east
/room/plane2^MY_DIR^south
/room/plane1^MY_DIR^south
/room/clearing^MY_DIR^south
/room/forest2^MY_DIR^west
/room/clearing^MY_DIR^east
/room/plane1^MY_DIR^north
/room/plane2^MY_DIR^north
/room/plane3^MY_DIR^north
/room/plane6^MY_DIR^north
/room/plane8^MY_DIR^east
/room/ruin^MY_DIR^south
/room/plane3^MY_DIR^west
/room/plane7^MY_DIR^west
/room/plane5^MY_DIR^south
/room/plane2^MY_DIR^east
/room/plane5^MY_DIR^west
/room/plane7^MY_DIR^north
/room/big_tree^MY_DIR^west
/room/plane7^MY_DIR^east
/room/plane10^MY_DIR^north
/room/plane7^MY_DIR^south
/room/big_tree^MY_DIR^west
/room/giant_path^MY_DIR^west
/room/big_tree^MY_DIR^east
/room/giant_path^MY_DIR^west
/room/giant_lair^MY_DIR^west
/room/giant_conf^MY_DIR^west
/room/giant_lair^MY_DIR^east
/room/giant_path^MY_DIR^east
/room/giant_lair^MY_DIR^west
/room/giant_conf^MY_DIR^west
/room/giant_lair^MY_DIR^east
/room/giant_path^MY_DIR^east
/room/giant_lair^MY_DIR^west
/room/giant_path^MY_DIR^east
/room/big_tree^MY_DIR^east
/room/giant_path^MY_DIR^west
/room/big_tree^MY_DIR^east
/room/giant_path^MY_DIR^west
/room/giant_lair^MY_DIR^west
/room/giant_conf^MY_DIR^west
/room/giant_lair^MY_DIR^east
/room/giant_conf^MY_DIR^west
/room/giant_lair^MY_DIR^east
/room/giant_path^MY_DIR^east
/room/big_tree^MY_DIR^east
/room/giant_path^MY_DIR^west
/room/big_tree^MY_DIR^east
/room/plane7^MY_DIR^east
/room/big_tree^MY_DIR^west
/room/giant_path^MY_DIR^west
/room/big_tree^MY_DIR^east
/room/plane7^MY_DIR^east
/room/plane3^MY_DIR^east
/room/plane7^MY_DIR^west
